EXECUTION BY EDF
[SENSOR] for 4 units - F
[CONTROLE] for 6 units - H
[SENSOR] for 4 units - F
[CONTROLE] for 4 units - F
[NAVEG] for 2 units - H
[SENSOR] for 4 units - F
[NAVEG] for 6 units - L
[SENSOR] for 4 units - F
[CONTROLE] for 10 units - F
[SENSOR] for 4 units - F
[NAVEG] for 2 units - H
[SENSOR] for 4 units - F
[CONTROLE] for 6 units - H
[SENSOR] for 4 units - F
[CONTROLE] for 4 units - F
[NAVEG] for 2 units - L
[SENSOR] for 4 units - F
idle for 1 units
[CONTROLE] for 5 units - H
[SENSOR] for 4 units - F
[CONTROLE] for 5 units - F
[NAVEG] for 1 units - H
[SENSOR] for 4 units - F
[NAVEG] for 6 units - K

LOST DEADLINES
[SENSOR] 0
[CONTROLE] 0
[NAVEG] 2

COMPLETE EXECUTION
[SENSOR] 10
[CONTROLE] 4
[NAVEG] 0

KILLED
[SENSOR] 0
[CONTROLE] 0
[NAVEG] 1
